#-----------------------------------------------------------
# Vivado v2023.1 (64-bit)
# SW Build 3865809 on Sun May  7 15:04:56 MDT 2023
# IP Build 3864474 on Sun May  7 20:36:21 MDT 2023
# SharedData Build 3865790 on Sun May 07 13:33:03 MDT 2023
# Start of session at: Fri Sep  6 16:37:58 2024
# Process ID: 25754
# Current directory: /home/hamada/K_Pro/firmware/MikumariPrim/MikumariPrim-Ex
# Command line: vivado
# Log file: /home/hamada/K_Pro/firmware/MikumariPrim/MikumariPrim-Ex/vivado.log
# Journal file: /home/hamada/K_Pro/firmware/MikumariPrim/MikumariPrim-Ex/vivado.jou
# Running On: daqmwpc4.kek.jp, OS: Linux, CPU Frequency: 2499.847 MHz, CPU Physical cores: 6, Host memory: 33538 MB
#-----------------------------------------------------------
start_gui
open_project /home/hamada/K_Pro/firmware/MikumariPrim/MikumariPrim-Ex/build/MikumariPrim-Ex.xpr
update_compile_order -fileset sources_1
set_param project.defaultIPCacheSetting none
set_property IS_MANAGED true [get_files gig_ethernet_pcs_pma.xci]
